exports[`decorateSidePanel should render component 1`] = `
<div>
  SidePanel content
</div>
`;
